[2025-07-16 03:06:10] main.INFO: Starting worker misp:4109:default {"type":"start","worker":"misp:4109:default"} []
[2025-07-16 03:06:11] main.INFO: Starting worker misp:4125:prio {"type":"start","worker":"misp:4125:prio"} []
[2025-07-16 03:06:11] main.INFO: Starting worker misp:4141:cache {"type":"start","worker":"misp:4141:cache"} []
[2025-07-16 03:06:12] main.INFO: Starting worker misp:4157:email {"type":"start","worker":"misp:4157:email"} []
[2025-07-16 03:06:12] main.INFO: Starting worker misp:4173:update {"type":"start","worker":"misp:4173:update"} []
[2025-07-16 04:06:13] main.INFO: Exiting... {"type":"shutdown","worker":"misp:4125"} []
[2025-07-16 04:06:13] main.INFO: Exiting... {"type":"shutdown","worker":"misp:4109"} []
[2025-07-16 04:06:13] main.INFO: Exiting... {"type":"shutdown","worker":"misp:4157"} []
[2025-07-16 04:06:13] main.INFO: Exiting... {"type":"shutdown","worker":"misp:4141"} []
[2025-07-16 04:06:13] main.INFO: Exiting... {"type":"shutdown","worker":"misp:4173"} []
[2025-07-16 04:06:13] main.INFO: Starting worker misp:4361:default {"type":"start","worker":"misp:4361:default"} []
[2025-07-16 04:06:14] main.INFO: Starting worker misp:4377:prio {"type":"start","worker":"misp:4377:prio"} []
[2025-07-16 04:06:14] main.INFO: Starting worker misp:4393:cache {"type":"start","worker":"misp:4393:cache"} []
[2025-07-16 04:06:15] main.INFO: Starting worker misp:4409:email {"type":"start","worker":"misp:4409:email"} []
[2025-07-16 04:06:15] main.INFO: Starting worker misp:4425:update {"type":"start","worker":"misp:4425:update"} []
[2025-07-16 05:06:16] main.INFO: Exiting... {"type":"shutdown","worker":"misp:4425"} []
[2025-07-16 05:06:16] main.INFO: Exiting... {"type":"shutdown","worker":"misp:4409"} []
[2025-07-16 05:06:16] main.INFO: Exiting... {"type":"shutdown","worker":"misp:4393"} []
[2025-07-16 05:06:16] main.INFO: Exiting... {"type":"shutdown","worker":"misp:4377"} []
[2025-07-16 05:06:16] main.INFO: Exiting... {"type":"shutdown","worker":"misp:4361"} []
[2025-07-16 05:06:16] main.INFO: Starting worker misp:4569:default {"type":"start","worker":"misp:4569:default"} []
[2025-07-16 05:06:17] main.INFO: Starting worker misp:4585:prio {"type":"start","worker":"misp:4585:prio"} []
[2025-07-16 05:06:17] main.INFO: Starting worker misp:4601:cache {"type":"start","worker":"misp:4601:cache"} []
[2025-07-16 05:06:18] main.INFO: Starting worker misp:4617:email {"type":"start","worker":"misp:4617:email"} []
[2025-07-16 05:06:18] main.INFO: Starting worker misp:4633:update {"type":"start","worker":"misp:4633:update"} []
[2025-07-16 06:06:19] main.INFO: Exiting... {"type":"shutdown","worker":"misp:4569"} []
[2025-07-16 06:06:19] main.INFO: Exiting... {"type":"shutdown","worker":"misp:4617"} []
[2025-07-16 06:06:19] main.INFO: Exiting... {"type":"shutdown","worker":"misp:4601"} []
[2025-07-16 06:06:19] main.INFO: Exiting... {"type":"shutdown","worker":"misp:4585"} []
[2025-07-16 06:06:19] main.INFO: Exiting... {"type":"shutdown","worker":"misp:4633"} []
[2025-07-16 06:06:19] main.INFO: Starting worker misp:4777:default {"type":"start","worker":"misp:4777:default"} []
[2025-07-16 06:06:20] main.INFO: Starting worker misp:4793:prio {"type":"start","worker":"misp:4793:prio"} []
[2025-07-16 06:06:20] main.INFO: Starting worker misp:4809:cache {"type":"start","worker":"misp:4809:cache"} []
[2025-07-16 06:06:21] main.INFO: Starting worker misp:4825:email {"type":"start","worker":"misp:4825:email"} []
[2025-07-16 06:06:21] main.INFO: Starting worker misp:4841:update {"type":"start","worker":"misp:4841:update"} []
[2025-07-16 07:06:22] main.INFO: Exiting... {"type":"shutdown","worker":"misp:4793"} []
[2025-07-16 07:06:22] main.INFO: Exiting... {"type":"shutdown","worker":"misp:4841"} []
[2025-07-16 07:06:22] main.INFO: Exiting... {"type":"shutdown","worker":"misp:4809"} []
[2025-07-16 07:06:22] main.INFO: Exiting... {"type":"shutdown","worker":"misp:4825"} []
[2025-07-16 07:06:22] main.INFO: Exiting... {"type":"shutdown","worker":"misp:4777"} []
[2025-07-16 07:06:22] main.INFO: Starting worker misp:5103:default {"type":"start","worker":"misp:5103:default"} []
[2025-07-16 07:06:23] main.INFO: Starting worker misp:5119:prio {"type":"start","worker":"misp:5119:prio"} []
[2025-07-16 07:06:23] main.INFO: Starting worker misp:5135:cache {"type":"start","worker":"misp:5135:cache"} []
[2025-07-16 07:06:24] main.INFO: Starting worker misp:5151:email {"type":"start","worker":"misp:5151:email"} []
[2025-07-16 07:06:24] main.INFO: Starting worker misp:5167:update {"type":"start","worker":"misp:5167:update"} []
[2025-07-16 08:06:25] main.INFO: Exiting... {"type":"shutdown","worker":"misp:5119"} []
[2025-07-16 08:06:25] main.INFO: Exiting... {"type":"shutdown","worker":"misp:5135"} []
[2025-07-16 08:06:25] main.INFO: Exiting... {"type":"shutdown","worker":"misp:5167"} []
[2025-07-16 08:06:25] main.INFO: Exiting... {"type":"shutdown","worker":"misp:5151"} []
[2025-07-16 08:06:25] main.INFO: Exiting... {"type":"shutdown","worker":"misp:5103"} []
[2025-07-16 08:06:25] main.INFO: Starting worker misp:5311:default {"type":"start","worker":"misp:5311:default"} []
[2025-07-16 08:06:26] main.INFO: Starting worker misp:5327:prio {"type":"start","worker":"misp:5327:prio"} []
[2025-07-16 08:06:26] main.INFO: Starting worker misp:5343:cache {"type":"start","worker":"misp:5343:cache"} []
[2025-07-16 08:06:26] main.INFO: Starting worker misp:5359:email {"type":"start","worker":"misp:5359:email"} []
[2025-07-16 08:06:27] main.INFO: Starting worker misp:5375:update {"type":"start","worker":"misp:5375:update"} []
[2025-07-16 09:06:28] main.INFO: Exiting... {"type":"shutdown","worker":"misp:5359"} []
[2025-07-16 09:06:28] main.INFO: Exiting... {"type":"shutdown","worker":"misp:5327"} []
[2025-07-16 09:06:28] main.INFO: Exiting... {"type":"shutdown","worker":"misp:5375"} []
[2025-07-16 09:06:28] main.INFO: Exiting... {"type":"shutdown","worker":"misp:5343"} []
[2025-07-16 09:06:28] main.INFO: Exiting... {"type":"shutdown","worker":"misp:5311"} []
[2025-07-16 09:06:28] main.INFO: Starting worker misp:5519:default {"type":"start","worker":"misp:5519:default"} []
[2025-07-16 09:06:28] main.INFO: Starting worker misp:5535:prio {"type":"start","worker":"misp:5535:prio"} []
[2025-07-16 09:06:29] main.INFO: Starting worker misp:5551:cache {"type":"start","worker":"misp:5551:cache"} []
[2025-07-16 09:06:29] main.INFO: Starting worker misp:5567:email {"type":"start","worker":"misp:5567:email"} []
[2025-07-16 09:06:30] main.INFO: Starting worker misp:5583:update {"type":"start","worker":"misp:5583:update"} []
[2025-07-16 10:06:31] main.INFO: Exiting... {"type":"shutdown","worker":"misp:5535"} []
[2025-07-16 10:06:31] main.INFO: Exiting... {"type":"shutdown","worker":"misp:5519"} []
[2025-07-16 10:06:31] main.INFO: Exiting... {"type":"shutdown","worker":"misp:5551"} []
[2025-07-16 10:06:31] main.INFO: Exiting... {"type":"shutdown","worker":"misp:5583"} []
[2025-07-16 10:06:31] main.INFO: Exiting... {"type":"shutdown","worker":"misp:5567"} []
[2025-07-16 10:06:31] main.INFO: Starting worker misp:5727:default {"type":"start","worker":"misp:5727:default"} []
[2025-07-16 10:06:31] main.INFO: Starting worker misp:5743:prio {"type":"start","worker":"misp:5743:prio"} []
[2025-07-16 10:06:32] main.INFO: Starting worker misp:5759:cache {"type":"start","worker":"misp:5759:cache"} []
[2025-07-16 10:06:32] main.INFO: Starting worker misp:5775:email {"type":"start","worker":"misp:5775:email"} []
[2025-07-16 10:06:33] main.INFO: Starting worker misp:5791:update {"type":"start","worker":"misp:5791:update"} []
[2025-07-16 11:06:34] main.INFO: Exiting... {"type":"shutdown","worker":"misp:5791"} []
[2025-07-16 11:06:34] main.INFO: Exiting... {"type":"shutdown","worker":"misp:5759"} []
[2025-07-16 11:06:34] main.INFO: Exiting... {"type":"shutdown","worker":"misp:5743"} []
[2025-07-16 11:06:34] main.INFO: Exiting... {"type":"shutdown","worker":"misp:5775"} []
[2025-07-16 11:06:34] main.INFO: Exiting... {"type":"shutdown","worker":"misp:5727"} []
[2025-07-16 11:06:34] main.INFO: Starting worker misp:5935:default {"type":"start","worker":"misp:5935:default"} []
[2025-07-16 11:06:34] main.INFO: Starting worker misp:5951:prio {"type":"start","worker":"misp:5951:prio"} []
[2025-07-16 11:06:35] main.INFO: Starting worker misp:5967:cache {"type":"start","worker":"misp:5967:cache"} []
[2025-07-16 11:06:35] main.INFO: Starting worker misp:5983:email {"type":"start","worker":"misp:5983:email"} []
[2025-07-16 11:06:36] main.INFO: Starting worker misp:5999:update {"type":"start","worker":"misp:5999:update"} []
[2025-07-16 12:06:37] main.INFO: Exiting... {"type":"shutdown","worker":"misp:5935"} []
[2025-07-16 12:06:37] main.INFO: Exiting... {"type":"shutdown","worker":"misp:5983"} []
[2025-07-16 12:06:37] main.INFO: Exiting... {"type":"shutdown","worker":"misp:5999"} []
[2025-07-16 12:06:37] main.INFO: Exiting... {"type":"shutdown","worker":"misp:5951"} []
[2025-07-16 12:06:37] main.INFO: Exiting... {"type":"shutdown","worker":"misp:5967"} []
[2025-07-16 12:06:37] main.INFO: Starting worker misp:6143:default {"type":"start","worker":"misp:6143:default"} []
[2025-07-16 12:06:37] main.INFO: Starting worker misp:6159:prio {"type":"start","worker":"misp:6159:prio"} []
[2025-07-16 12:06:38] main.INFO: Starting worker misp:6175:cache {"type":"start","worker":"misp:6175:cache"} []
[2025-07-16 12:06:38] main.INFO: Starting worker misp:6191:email {"type":"start","worker":"misp:6191:email"} []
[2025-07-16 12:06:39] main.INFO: Starting worker misp:6207:update {"type":"start","worker":"misp:6207:update"} []
[2025-07-16 13:06:40] main.INFO: Exiting... {"type":"shutdown","worker":"misp:6159"} []
[2025-07-16 13:06:40] main.INFO: Exiting... {"type":"shutdown","worker":"misp:6175"} []
[2025-07-16 13:06:40] main.INFO: Exiting... {"type":"shutdown","worker":"misp:6207"} []
[2025-07-16 13:06:40] main.INFO: Exiting... {"type":"shutdown","worker":"misp:6191"} []
[2025-07-16 13:06:40] main.INFO: Exiting... {"type":"shutdown","worker":"misp:6143"} []
[2025-07-16 13:06:40] main.INFO: Starting worker misp:6351:default {"type":"start","worker":"misp:6351:default"} []
[2025-07-16 13:06:40] main.INFO: Starting worker misp:6367:prio {"type":"start","worker":"misp:6367:prio"} []
[2025-07-16 13:06:41] main.INFO: Starting worker misp:6383:cache {"type":"start","worker":"misp:6383:cache"} []
[2025-07-16 13:06:41] main.INFO: Starting worker misp:6399:email {"type":"start","worker":"misp:6399:email"} []
[2025-07-16 13:06:42] main.INFO: Starting worker misp:6415:update {"type":"start","worker":"misp:6415:update"} []
[2025-07-16 14:06:43] main.INFO: Exiting... {"type":"shutdown","worker":"misp:6367"} []
[2025-07-16 14:06:43] main.INFO: Exiting... {"type":"shutdown","worker":"misp:6415"} []
[2025-07-16 14:06:43] main.INFO: Exiting... {"type":"shutdown","worker":"misp:6399"} []
[2025-07-16 14:06:43] main.INFO: Exiting... {"type":"shutdown","worker":"misp:6351"} []
[2025-07-16 14:06:43] main.INFO: Exiting... {"type":"shutdown","worker":"misp:6383"} []
[2025-07-16 14:06:43] main.INFO: Starting worker misp:6559:default {"type":"start","worker":"misp:6559:default"} []
[2025-07-16 14:06:43] main.INFO: Starting worker misp:6575:prio {"type":"start","worker":"misp:6575:prio"} []
[2025-07-16 14:06:44] main.INFO: Starting worker misp:6591:cache {"type":"start","worker":"misp:6591:cache"} []
[2025-07-16 14:06:44] main.INFO: Starting worker misp:6607:email {"type":"start","worker":"misp:6607:email"} []
[2025-07-16 14:06:45] main.INFO: Starting worker misp:6623:update {"type":"start","worker":"misp:6623:update"} []
[2025-07-16 15:06:46] main.INFO: Exiting... {"type":"shutdown","worker":"misp:6559"} []
[2025-07-16 15:06:46] main.INFO: Exiting... {"type":"shutdown","worker":"misp:6591"} []
[2025-07-16 15:06:46] main.INFO: Exiting... {"type":"shutdown","worker":"misp:6575"} []
[2025-07-16 15:06:46] main.INFO: Exiting... {"type":"shutdown","worker":"misp:6623"} []
[2025-07-16 15:06:46] main.INFO: Exiting... {"type":"shutdown","worker":"misp:6607"} []
[2025-07-16 15:06:46] main.INFO: Starting worker misp:6767:default {"type":"start","worker":"misp:6767:default"} []
[2025-07-16 15:06:46] main.INFO: Starting worker misp:6783:prio {"type":"start","worker":"misp:6783:prio"} []
[2025-07-16 15:06:47] main.INFO: Starting worker misp:6799:cache {"type":"start","worker":"misp:6799:cache"} []
[2025-07-16 15:06:47] main.INFO: Starting worker misp:6815:email {"type":"start","worker":"misp:6815:email"} []
[2025-07-16 15:06:48] main.INFO: Starting worker misp:6831:update {"type":"start","worker":"misp:6831:update"} []
[2025-07-16 16:06:48] main.INFO: Exiting... {"type":"shutdown","worker":"misp:6815"} []
[2025-07-16 16:06:48] main.INFO: Exiting... {"type":"shutdown","worker":"misp:6799"} []
[2025-07-16 16:06:48] main.INFO: Exiting... {"type":"shutdown","worker":"misp:6783"} []
[2025-07-16 16:06:48] main.INFO: Exiting... {"type":"shutdown","worker":"misp:6767"} []
[2025-07-16 16:06:48] main.INFO: Exiting... {"type":"shutdown","worker":"misp:6831"} []
[2025-07-16 16:06:49] main.INFO: Starting worker misp:6975:default {"type":"start","worker":"misp:6975:default"} []
[2025-07-16 16:06:49] main.INFO: Starting worker misp:6991:prio {"type":"start","worker":"misp:6991:prio"} []
[2025-07-16 16:06:50] main.INFO: Starting worker misp:7007:cache {"type":"start","worker":"misp:7007:cache"} []
[2025-07-16 16:06:50] main.INFO: Starting worker misp:7023:email {"type":"start","worker":"misp:7023:email"} []
[2025-07-16 16:06:51] main.INFO: Starting worker misp:7039:update {"type":"start","worker":"misp:7039:update"} []
[2025-07-16 17:06:51] main.INFO: Exiting... {"type":"shutdown","worker":"misp:6991"} []
[2025-07-16 17:06:51] main.INFO: Exiting... {"type":"shutdown","worker":"misp:7039"} []
[2025-07-16 17:06:51] main.INFO: Exiting... {"type":"shutdown","worker":"misp:7023"} []
[2025-07-16 17:06:51] main.INFO: Exiting... {"type":"shutdown","worker":"misp:7007"} []
[2025-07-16 17:06:51] main.INFO: Exiting... {"type":"shutdown","worker":"misp:6975"} []
[2025-07-16 17:06:52] main.INFO: Starting worker misp:7183:default {"type":"start","worker":"misp:7183:default"} []
[2025-07-16 17:06:52] main.INFO: Starting worker misp:7199:prio {"type":"start","worker":"misp:7199:prio"} []
[2025-07-16 17:06:53] main.INFO: Starting worker misp:7215:cache {"type":"start","worker":"misp:7215:cache"} []
[2025-07-16 17:06:53] main.INFO: Starting worker misp:7231:email {"type":"start","worker":"misp:7231:email"} []
[2025-07-16 17:06:54] main.INFO: Starting worker misp:7247:update {"type":"start","worker":"misp:7247:update"} []
[2025-07-16 18:06:54] main.INFO: Exiting... {"type":"shutdown","worker":"misp:7247"} []
[2025-07-16 18:06:54] main.INFO: Exiting... {"type":"shutdown","worker":"misp:7183"} []
[2025-07-16 18:06:54] main.INFO: Exiting... {"type":"shutdown","worker":"misp:7215"} []
[2025-07-16 18:06:54] main.INFO: Exiting... {"type":"shutdown","worker":"misp:7199"} []
[2025-07-16 18:06:54] main.INFO: Exiting... {"type":"shutdown","worker":"misp:7231"} []
[2025-07-16 18:06:55] main.INFO: Starting worker misp:7391:default {"type":"start","worker":"misp:7391:default"} []
[2025-07-16 18:06:55] main.INFO: Starting worker misp:7407:prio {"type":"start","worker":"misp:7407:prio"} []
[2025-07-16 18:06:56] main.INFO: Starting worker misp:7423:cache {"type":"start","worker":"misp:7423:cache"} []
[2025-07-16 18:06:56] main.INFO: Starting worker misp:7439:email {"type":"start","worker":"misp:7439:email"} []
[2025-07-16 18:06:57] main.INFO: Starting worker misp:7455:update {"type":"start","worker":"misp:7455:update"} []
[2025-07-16 19:06:57] main.INFO: Exiting... {"type":"shutdown","worker":"misp:7391"} []
[2025-07-16 19:06:57] main.INFO: Exiting... {"type":"shutdown","worker":"misp:7439"} []
[2025-07-16 19:06:57] main.INFO: Exiting... {"type":"shutdown","worker":"misp:7407"} []
[2025-07-16 19:06:57] main.INFO: Exiting... {"type":"shutdown","worker":"misp:7455"} []
[2025-07-16 19:06:57] main.INFO: Exiting... {"type":"shutdown","worker":"misp:7423"} []
[2025-07-16 19:06:58] main.INFO: Starting worker misp:7599:default {"type":"start","worker":"misp:7599:default"} []
[2025-07-16 19:06:58] main.INFO: Starting worker misp:7615:prio {"type":"start","worker":"misp:7615:prio"} []
[2025-07-16 19:06:59] main.INFO: Starting worker misp:7631:cache {"type":"start","worker":"misp:7631:cache"} []
[2025-07-16 19:06:59] main.INFO: Starting worker misp:7647:email {"type":"start","worker":"misp:7647:email"} []
[2025-07-16 19:07:00] main.INFO: Starting worker misp:7663:update {"type":"start","worker":"misp:7663:update"} []
[2025-07-16 20:07:00] main.INFO: Exiting... {"type":"shutdown","worker":"misp:7599"} []
[2025-07-16 20:07:00] main.INFO: Exiting... {"type":"shutdown","worker":"misp:7615"} []
[2025-07-16 20:07:00] main.INFO: Exiting... {"type":"shutdown","worker":"misp:7663"} []
[2025-07-16 20:07:00] main.INFO: Exiting... {"type":"shutdown","worker":"misp:7647"} []
[2025-07-16 20:07:00] main.INFO: Exiting... {"type":"shutdown","worker":"misp:7631"} []
[2025-07-16 20:07:01] main.INFO: Starting worker misp:7807:default {"type":"start","worker":"misp:7807:default"} []
[2025-07-16 20:07:01] main.INFO: Starting worker misp:7823:prio {"type":"start","worker":"misp:7823:prio"} []
[2025-07-16 20:07:02] main.INFO: Starting worker misp:7839:cache {"type":"start","worker":"misp:7839:cache"} []
[2025-07-16 20:07:02] main.INFO: Starting worker misp:7855:email {"type":"start","worker":"misp:7855:email"} []
[2025-07-16 20:07:03] main.INFO: Starting worker misp:7871:update {"type":"start","worker":"misp:7871:update"} []
[2025-07-16 21:07:03] main.INFO: Exiting... {"type":"shutdown","worker":"misp:7871"} []
[2025-07-16 21:07:03] main.INFO: Exiting... {"type":"shutdown","worker":"misp:7855"} []
[2025-07-16 21:07:03] main.INFO: Exiting... {"type":"shutdown","worker":"misp:7839"} []
[2025-07-16 21:07:03] main.INFO: Exiting... {"type":"shutdown","worker":"misp:7823"} []
[2025-07-16 21:07:03] main.INFO: Exiting... {"type":"shutdown","worker":"misp:7807"} []
[2025-07-16 21:07:04] main.INFO: Starting worker misp:8015:default {"type":"start","worker":"misp:8015:default"} []
[2025-07-16 21:07:04] main.INFO: Starting worker misp:8031:prio {"type":"start","worker":"misp:8031:prio"} []
[2025-07-16 21:07:05] main.INFO: Starting worker misp:8047:cache {"type":"start","worker":"misp:8047:cache"} []
[2025-07-16 21:07:05] main.INFO: Starting worker misp:8063:email {"type":"start","worker":"misp:8063:email"} []
[2025-07-16 21:07:05] main.INFO: Starting worker misp:8079:update {"type":"start","worker":"misp:8079:update"} []
[2025-07-16 22:07:06] main.INFO: Exiting... {"type":"shutdown","worker":"misp:8079"} []
[2025-07-16 22:07:06] main.INFO: Exiting... {"type":"shutdown","worker":"misp:8015"} []
[2025-07-16 22:07:06] main.INFO: Exiting... {"type":"shutdown","worker":"misp:8031"} []
[2025-07-16 22:07:06] main.INFO: Exiting... {"type":"shutdown","worker":"misp:8047"} []
[2025-07-16 22:07:06] main.INFO: Exiting... {"type":"shutdown","worker":"misp:8063"} []
[2025-07-16 22:07:07] main.INFO: Starting worker misp:8223:default {"type":"start","worker":"misp:8223:default"} []
[2025-07-16 22:07:07] main.INFO: Starting worker misp:8239:prio {"type":"start","worker":"misp:8239:prio"} []
[2025-07-16 22:07:08] main.INFO: Starting worker misp:8255:cache {"type":"start","worker":"misp:8255:cache"} []
[2025-07-16 22:07:08] main.INFO: Starting worker misp:8271:email {"type":"start","worker":"misp:8271:email"} []
[2025-07-16 22:07:08] main.INFO: Starting worker misp:8287:update {"type":"start","worker":"misp:8287:update"} []
[2025-07-16 23:07:09] main.INFO: Exiting... {"type":"shutdown","worker":"misp:8255"} []
[2025-07-16 23:07:09] main.INFO: Exiting... {"type":"shutdown","worker":"misp:8239"} []
[2025-07-16 23:07:09] main.INFO: Exiting... {"type":"shutdown","worker":"misp:8223"} []
[2025-07-16 23:07:09] main.INFO: Exiting... {"type":"shutdown","worker":"misp:8271"} []
[2025-07-16 23:07:09] main.INFO: Exiting... {"type":"shutdown","worker":"misp:8287"} []
[2025-07-16 23:07:10] main.INFO: Starting worker misp:8431:default {"type":"start","worker":"misp:8431:default"} []
[2025-07-16 23:07:10] main.INFO: Starting worker misp:8447:prio {"type":"start","worker":"misp:8447:prio"} []
[2025-07-16 23:07:11] main.INFO: Starting worker misp:8463:cache {"type":"start","worker":"misp:8463:cache"} []
[2025-07-16 23:07:11] main.INFO: Starting worker misp:8479:email {"type":"start","worker":"misp:8479:email"} []
[2025-07-16 23:07:11] main.INFO: Starting worker misp:8495:update {"type":"start","worker":"misp:8495:update"} []
