[2025-07-17 00:07:12] main.INFO: Exiting... {"type":"shutdown","worker":"misp:8431"} []
[2025-07-17 00:07:12] main.INFO: Exiting... {"type":"shutdown","worker":"misp:8447"} []
[2025-07-17 00:07:12] main.INFO: Exiting... {"type":"shutdown","worker":"misp:8495"} []
[2025-07-17 00:07:12] main.INFO: Exiting... {"type":"shutdown","worker":"misp:8479"} []
[2025-07-17 00:07:12] main.INFO: Exiting... {"type":"shutdown","worker":"misp:8463"} []
[2025-07-17 00:07:13] main.INFO: Starting worker misp:8639:default {"type":"start","worker":"misp:8639:default"} []
[2025-07-17 00:07:13] main.INFO: Starting worker misp:8655:prio {"type":"start","worker":"misp:8655:prio"} []
[2025-07-17 00:07:13] main.INFO: Starting worker misp:8671:cache {"type":"start","worker":"misp:8671:cache"} []
[2025-07-17 00:07:14] main.INFO: Starting worker misp:8687:email {"type":"start","worker":"misp:8687:email"} []
[2025-07-17 00:07:14] main.INFO: Starting worker misp:8703:update {"type":"start","worker":"misp:8703:update"} []
[2025-07-17 01:07:15] main.INFO: Exiting... {"type":"shutdown","worker":"misp:8687"} []
[2025-07-17 01:07:15] main.INFO: Exiting... {"type":"shutdown","worker":"misp:8671"} []
[2025-07-17 01:07:15] main.INFO: Exiting... {"type":"shutdown","worker":"misp:8655"} []
[2025-07-17 01:07:15] main.INFO: Exiting... {"type":"shutdown","worker":"misp:8703"} []
[2025-07-17 01:07:15] main.INFO: Exiting... {"type":"shutdown","worker":"misp:8639"} []
[2025-07-17 01:07:16] main.INFO: Starting worker misp:8847:default {"type":"start","worker":"misp:8847:default"} []
[2025-07-17 01:07:16] main.INFO: Starting worker misp:8863:prio {"type":"start","worker":"misp:8863:prio"} []
[2025-07-17 01:07:16] main.INFO: Starting worker misp:8879:cache {"type":"start","worker":"misp:8879:cache"} []
[2025-07-17 01:07:17] main.INFO: Starting worker misp:8895:email {"type":"start","worker":"misp:8895:email"} []
[2025-07-17 01:07:17] main.INFO: Starting worker misp:8911:update {"type":"start","worker":"misp:8911:update"} []
[2025-07-17 02:07:18] main.INFO: Exiting... {"type":"shutdown","worker":"misp:8879"} []
[2025-07-17 02:07:18] main.INFO: Exiting... {"type":"shutdown","worker":"misp:8863"} []
[2025-07-17 02:07:18] main.INFO: Exiting... {"type":"shutdown","worker":"misp:8895"} []
[2025-07-17 02:07:18] main.INFO: Exiting... {"type":"shutdown","worker":"misp:8911"} []
[2025-07-17 02:07:18] main.INFO: Exiting... {"type":"shutdown","worker":"misp:8847"} []
[2025-07-17 02:07:18] main.INFO: Starting worker misp:9055:default {"type":"start","worker":"misp:9055:default"} []
[2025-07-17 02:07:19] main.INFO: Starting worker misp:9071:prio {"type":"start","worker":"misp:9071:prio"} []
[2025-07-17 02:07:19] main.INFO: Starting worker misp:9087:cache {"type":"start","worker":"misp:9087:cache"} []
[2025-07-17 02:07:20] main.INFO: Starting worker misp:9103:email {"type":"start","worker":"misp:9103:email"} []
[2025-07-17 02:07:20] main.INFO: Starting worker misp:9119:update {"type":"start","worker":"misp:9119:update"} []
[2025-07-17 03:07:21] main.INFO: Exiting... {"type":"shutdown","worker":"misp:9103"} []
[2025-07-17 03:07:21] main.INFO: Exiting... {"type":"shutdown","worker":"misp:9055"} []
[2025-07-17 03:07:21] main.INFO: Exiting... {"type":"shutdown","worker":"misp:9119"} []
[2025-07-17 03:07:21] main.INFO: Exiting... {"type":"shutdown","worker":"misp:9087"} []
[2025-07-17 03:07:21] main.INFO: Exiting... {"type":"shutdown","worker":"misp:9071"} []
[2025-07-17 03:07:21] main.INFO: Starting worker misp:9293:default {"type":"start","worker":"misp:9293:default"} []
[2025-07-17 03:07:22] main.INFO: Starting worker misp:9309:prio {"type":"start","worker":"misp:9309:prio"} []
[2025-07-17 03:07:22] main.INFO: Starting worker misp:9325:cache {"type":"start","worker":"misp:9325:cache"} []
[2025-07-17 03:07:23] main.INFO: Starting worker misp:9341:email {"type":"start","worker":"misp:9341:email"} []
[2025-07-17 03:07:23] main.INFO: Starting worker misp:9357:update {"type":"start","worker":"misp:9357:update"} []
[2025-07-17 04:07:24] main.INFO: Exiting... {"type":"shutdown","worker":"misp:9293"} []
[2025-07-17 04:07:24] main.INFO: Exiting... {"type":"shutdown","worker":"misp:9309"} []
[2025-07-17 04:07:24] main.INFO: Exiting... {"type":"shutdown","worker":"misp:9325"} []
[2025-07-17 04:07:24] main.INFO: Exiting... {"type":"shutdown","worker":"misp:9341"} []
[2025-07-17 04:07:24] main.INFO: Exiting... {"type":"shutdown","worker":"misp:9357"} []
[2025-07-17 04:07:24] main.INFO: Starting worker misp:9545:default {"type":"start","worker":"misp:9545:default"} []
[2025-07-17 04:07:25] main.INFO: Starting worker misp:9561:prio {"type":"start","worker":"misp:9561:prio"} []
[2025-07-17 04:07:25] main.INFO: Starting worker misp:9577:cache {"type":"start","worker":"misp:9577:cache"} []
[2025-07-17 04:07:26] main.INFO: Starting worker misp:9593:email {"type":"start","worker":"misp:9593:email"} []
[2025-07-17 04:07:26] main.INFO: Starting worker misp:9609:update {"type":"start","worker":"misp:9609:update"} []
[2025-07-17 05:07:27] main.INFO: Exiting... {"type":"shutdown","worker":"misp:9593"} []
[2025-07-17 05:07:27] main.INFO: Exiting... {"type":"shutdown","worker":"misp:9609"} []
[2025-07-17 05:07:27] main.INFO: Exiting... {"type":"shutdown","worker":"misp:9561"} []
[2025-07-17 05:07:27] main.INFO: Exiting... {"type":"shutdown","worker":"misp:9577"} []
[2025-07-17 05:07:27] main.INFO: Exiting... {"type":"shutdown","worker":"misp:9545"} []
[2025-07-17 05:07:27] main.INFO: Starting worker misp:9753:default {"type":"start","worker":"misp:9753:default"} []
[2025-07-17 05:07:28] main.INFO: Starting worker misp:9769:prio {"type":"start","worker":"misp:9769:prio"} []
[2025-07-17 05:07:28] main.INFO: Starting worker misp:9785:cache {"type":"start","worker":"misp:9785:cache"} []
[2025-07-17 05:07:29] main.INFO: Starting worker misp:9801:email {"type":"start","worker":"misp:9801:email"} []
[2025-07-17 05:07:29] main.INFO: Starting worker misp:9817:update {"type":"start","worker":"misp:9817:update"} []
[2025-07-17 06:07:30] main.INFO: Exiting... {"type":"shutdown","worker":"misp:9817"} []
[2025-07-17 06:07:30] main.INFO: Exiting... {"type":"shutdown","worker":"misp:9769"} []
[2025-07-17 06:07:30] main.INFO: Exiting... {"type":"shutdown","worker":"misp:9785"} []
[2025-07-17 06:07:30] main.INFO: Exiting... {"type":"shutdown","worker":"misp:9801"} []
[2025-07-17 06:07:30] main.INFO: Exiting... {"type":"shutdown","worker":"misp:9753"} []
[2025-07-17 06:07:30] main.INFO: Starting worker misp:9961:default {"type":"start","worker":"misp:9961:default"} []
[2025-07-17 06:07:31] main.INFO: Starting worker misp:9977:prio {"type":"start","worker":"misp:9977:prio"} []
[2025-07-17 06:07:31] main.INFO: Starting worker misp:9993:cache {"type":"start","worker":"misp:9993:cache"} []
[2025-07-17 06:07:32] main.INFO: Starting worker misp:10009:email {"type":"start","worker":"misp:10009:email"} []
[2025-07-17 06:07:32] main.INFO: Starting worker misp:10025:update {"type":"start","worker":"misp:10025:update"} []
[2025-07-17 07:07:33] main.INFO: Exiting... {"type":"shutdown","worker":"misp:9977"} []
[2025-07-17 07:07:33] main.INFO: Exiting... {"type":"shutdown","worker":"misp:10025"} []
[2025-07-17 07:07:33] main.INFO: Exiting... {"type":"shutdown","worker":"misp:9993"} []
[2025-07-17 07:07:33] main.INFO: Exiting... {"type":"shutdown","worker":"misp:10009"} []
[2025-07-17 07:07:33] main.INFO: Exiting... {"type":"shutdown","worker":"misp:9961"} []
[2025-07-17 07:07:33] main.INFO: Starting worker misp:10230:default {"type":"start","worker":"misp:10230:default"} []
[2025-07-17 07:07:34] main.INFO: Starting worker misp:10246:prio {"type":"start","worker":"misp:10246:prio"} []
[2025-07-17 07:07:34] main.INFO: Starting worker misp:10262:cache {"type":"start","worker":"misp:10262:cache"} []
[2025-07-17 07:07:35] main.INFO: Starting worker misp:10278:email {"type":"start","worker":"misp:10278:email"} []
[2025-07-17 07:07:35] main.INFO: Starting worker misp:10294:update {"type":"start","worker":"misp:10294:update"} []
[2025-07-17 08:07:36] main.INFO: Exiting... {"type":"shutdown","worker":"misp:10246"} []
[2025-07-17 08:07:36] main.INFO: Exiting... {"type":"shutdown","worker":"misp:10230"} []
[2025-07-17 08:07:36] main.INFO: Exiting... {"type":"shutdown","worker":"misp:10294"} []
[2025-07-17 08:07:36] main.INFO: Exiting... {"type":"shutdown","worker":"misp:10278"} []
[2025-07-17 08:07:36] main.INFO: Exiting... {"type":"shutdown","worker":"misp:10262"} []
[2025-07-17 08:07:36] main.INFO: Starting worker misp:10438:default {"type":"start","worker":"misp:10438:default"} []
[2025-07-17 08:07:37] main.INFO: Starting worker misp:10454:prio {"type":"start","worker":"misp:10454:prio"} []
[2025-07-17 08:07:37] main.INFO: Starting worker misp:10470:cache {"type":"start","worker":"misp:10470:cache"} []
[2025-07-17 08:07:38] main.INFO: Starting worker misp:10486:email {"type":"start","worker":"misp:10486:email"} []
[2025-07-17 08:07:38] main.INFO: Starting worker misp:10502:update {"type":"start","worker":"misp:10502:update"} []
[2025-07-17 09:07:39] main.INFO: Exiting... {"type":"shutdown","worker":"misp:10486"} []
[2025-07-17 09:07:39] main.INFO: Exiting... {"type":"shutdown","worker":"misp:10502"} []
[2025-07-17 09:07:39] main.INFO: Exiting... {"type":"shutdown","worker":"misp:10454"} []
[2025-07-17 09:07:39] main.INFO: Exiting... {"type":"shutdown","worker":"misp:10438"} []
[2025-07-17 09:07:39] main.INFO: Exiting... {"type":"shutdown","worker":"misp:10470"} []
[2025-07-17 09:07:39] main.INFO: Starting worker misp:10646:default {"type":"start","worker":"misp:10646:default"} []
[2025-07-17 09:07:40] main.INFO: Starting worker misp:10662:prio {"type":"start","worker":"misp:10662:prio"} []
[2025-07-17 09:07:40] main.INFO: Starting worker misp:10678:cache {"type":"start","worker":"misp:10678:cache"} []
[2025-07-17 09:07:40] main.INFO: Starting worker misp:10694:email {"type":"start","worker":"misp:10694:email"} []
[2025-07-17 09:07:41] main.INFO: Starting worker misp:10710:update {"type":"start","worker":"misp:10710:update"} []
[2025-07-17 10:07:42] main.INFO: Exiting... {"type":"shutdown","worker":"misp:10662"} []
[2025-07-17 10:07:42] main.INFO: Exiting... {"type":"shutdown","worker":"misp:10694"} []
[2025-07-17 10:07:42] main.INFO: Exiting... {"type":"shutdown","worker":"misp:10646"} []
[2025-07-17 10:07:42] main.INFO: Exiting... {"type":"shutdown","worker":"misp:10710"} []
[2025-07-17 10:07:42] main.INFO: Exiting... {"type":"shutdown","worker":"misp:10678"} []
[2025-07-17 10:07:42] main.INFO: Starting worker misp:10854:default {"type":"start","worker":"misp:10854:default"} []
[2025-07-17 10:07:43] main.INFO: Starting worker misp:10870:prio {"type":"start","worker":"misp:10870:prio"} []
[2025-07-17 10:07:43] main.INFO: Starting worker misp:10886:cache {"type":"start","worker":"misp:10886:cache"} []
[2025-07-17 10:07:43] main.INFO: Starting worker misp:10902:email {"type":"start","worker":"misp:10902:email"} []
[2025-07-17 10:07:44] main.INFO: Starting worker misp:10918:update {"type":"start","worker":"misp:10918:update"} []
[2025-07-17 11:07:45] main.INFO: Exiting... {"type":"shutdown","worker":"misp:10918"} []
[2025-07-17 11:07:45] main.INFO: Exiting... {"type":"shutdown","worker":"misp:10902"} []
[2025-07-17 11:07:45] main.INFO: Exiting... {"type":"shutdown","worker":"misp:10854"} []
[2025-07-17 11:07:45] main.INFO: Exiting... {"type":"shutdown","worker":"misp:10870"} []
[2025-07-17 11:07:45] main.INFO: Exiting... {"type":"shutdown","worker":"misp:10886"} []
[2025-07-17 11:07:45] main.INFO: Starting worker misp:11062:default {"type":"start","worker":"misp:11062:default"} []
[2025-07-17 11:07:45] main.INFO: Starting worker misp:11078:prio {"type":"start","worker":"misp:11078:prio"} []
[2025-07-17 11:07:46] main.INFO: Starting worker misp:11094:cache {"type":"start","worker":"misp:11094:cache"} []
[2025-07-17 11:07:46] main.INFO: Starting worker misp:11110:email {"type":"start","worker":"misp:11110:email"} []
[2025-07-17 11:07:47] main.INFO: Starting worker misp:11126:update {"type":"start","worker":"misp:11126:update"} []
[2025-07-17 12:07:48] main.INFO: Exiting... {"type":"shutdown","worker":"misp:11078"} []
[2025-07-17 12:07:48] main.INFO: Exiting... {"type":"shutdown","worker":"misp:11110"} []
[2025-07-17 12:07:48] main.INFO: Exiting... {"type":"shutdown","worker":"misp:11062"} []
[2025-07-17 12:07:48] main.INFO: Exiting... {"type":"shutdown","worker":"misp:11094"} []
[2025-07-17 12:07:48] main.INFO: Exiting... {"type":"shutdown","worker":"misp:11126"} []
[2025-07-17 12:07:48] main.INFO: Starting worker misp:11270:default {"type":"start","worker":"misp:11270:default"} []
[2025-07-17 12:07:48] main.INFO: Starting worker misp:11286:prio {"type":"start","worker":"misp:11286:prio"} []
[2025-07-17 12:07:49] main.INFO: Starting worker misp:11302:cache {"type":"start","worker":"misp:11302:cache"} []
[2025-07-17 12:07:49] main.INFO: Starting worker misp:11318:email {"type":"start","worker":"misp:11318:email"} []
[2025-07-17 12:07:50] main.INFO: Starting worker misp:11334:update {"type":"start","worker":"misp:11334:update"} []
[2025-07-17 13:07:51] main.INFO: Exiting... {"type":"shutdown","worker":"misp:11302"} []
[2025-07-17 13:07:51] main.INFO: Exiting... {"type":"shutdown","worker":"misp:11286"} []
[2025-07-17 13:07:51] main.INFO: Exiting... {"type":"shutdown","worker":"misp:11270"} []
[2025-07-17 13:07:51] main.INFO: Exiting... {"type":"shutdown","worker":"misp:11334"} []
[2025-07-17 13:07:51] main.INFO: Exiting... {"type":"shutdown","worker":"misp:11318"} []
[2025-07-17 13:07:51] main.INFO: Starting worker misp:11478:default {"type":"start","worker":"misp:11478:default"} []
[2025-07-17 13:07:51] main.INFO: Starting worker misp:11494:prio {"type":"start","worker":"misp:11494:prio"} []
[2025-07-17 13:07:52] main.INFO: Starting worker misp:11510:cache {"type":"start","worker":"misp:11510:cache"} []
[2025-07-17 13:07:52] main.INFO: Starting worker misp:11526:email {"type":"start","worker":"misp:11526:email"} []
[2025-07-17 13:07:53] main.INFO: Starting worker misp:11542:update {"type":"start","worker":"misp:11542:update"} []
[2025-07-17 14:07:54] main.INFO: Exiting... {"type":"shutdown","worker":"misp:11494"} []
[2025-07-17 14:07:54] main.INFO: Exiting... {"type":"shutdown","worker":"misp:11526"} []
[2025-07-17 14:07:54] main.INFO: Exiting... {"type":"shutdown","worker":"misp:11478"} []
[2025-07-17 14:07:54] main.INFO: Exiting... {"type":"shutdown","worker":"misp:11542"} []
[2025-07-17 14:07:54] main.INFO: Exiting... {"type":"shutdown","worker":"misp:11510"} []
[2025-07-17 14:07:54] main.INFO: Starting worker misp:11686:default {"type":"start","worker":"misp:11686:default"} []
[2025-07-17 14:07:54] main.INFO: Starting worker misp:11702:prio {"type":"start","worker":"misp:11702:prio"} []
[2025-07-17 14:07:55] main.INFO: Starting worker misp:11718:cache {"type":"start","worker":"misp:11718:cache"} []
[2025-07-17 14:07:55] main.INFO: Starting worker misp:11734:email {"type":"start","worker":"misp:11734:email"} []
[2025-07-17 14:07:56] main.INFO: Starting worker misp:11750:update {"type":"start","worker":"misp:11750:update"} []
[2025-07-17 15:07:57] main.INFO: Exiting... {"type":"shutdown","worker":"misp:11686"} []
[2025-07-17 15:07:57] main.INFO: Exiting... {"type":"shutdown","worker":"misp:11734"} []
[2025-07-17 15:07:57] main.INFO: Exiting... {"type":"shutdown","worker":"misp:11702"} []
[2025-07-17 15:07:57] main.INFO: Exiting... {"type":"shutdown","worker":"misp:11750"} []
[2025-07-17 15:07:57] main.INFO: Exiting... {"type":"shutdown","worker":"misp:11718"} []
[2025-07-17 15:07:57] main.INFO: Starting worker misp:11894:default {"type":"start","worker":"misp:11894:default"} []
[2025-07-17 15:07:57] main.INFO: Starting worker misp:11910:prio {"type":"start","worker":"misp:11910:prio"} []
[2025-07-17 15:07:58] main.INFO: Starting worker misp:11926:cache {"type":"start","worker":"misp:11926:cache"} []
[2025-07-17 15:07:58] main.INFO: Starting worker misp:11942:email {"type":"start","worker":"misp:11942:email"} []
[2025-07-17 15:07:59] main.INFO: Starting worker misp:11958:update {"type":"start","worker":"misp:11958:update"} []
[2025-07-17 16:07:59] main.INFO: Exiting... {"type":"shutdown","worker":"misp:11926"} []
[2025-07-17 16:07:59] main.INFO: Exiting... {"type":"shutdown","worker":"misp:11910"} []
[2025-07-17 16:08:00] main.INFO: Exiting... {"type":"shutdown","worker":"misp:11942"} []
[2025-07-17 16:08:00] main.INFO: Exiting... {"type":"shutdown","worker":"misp:11958"} []
[2025-07-17 16:08:00] main.INFO: Exiting... {"type":"shutdown","worker":"misp:11894"} []
[2025-07-17 16:08:00] main.INFO: Starting worker misp:12102:default {"type":"start","worker":"misp:12102:default"} []
[2025-07-17 16:08:00] main.INFO: Starting worker misp:12118:prio {"type":"start","worker":"misp:12118:prio"} []
[2025-07-17 16:08:01] main.INFO: Starting worker misp:12134:cache {"type":"start","worker":"misp:12134:cache"} []
[2025-07-17 16:08:01] main.INFO: Starting worker misp:12150:email {"type":"start","worker":"misp:12150:email"} []
[2025-07-17 16:08:02] main.INFO: Starting worker misp:12166:update {"type":"start","worker":"misp:12166:update"} []
[2025-07-17 17:08:02] main.INFO: Exiting... {"type":"shutdown","worker":"misp:12134"} []
[2025-07-17 17:08:02] main.INFO: Exiting... {"type":"shutdown","worker":"misp:12118"} []
[2025-07-17 17:08:02] main.INFO: Exiting... {"type":"shutdown","worker":"misp:12166"} []
[2025-07-17 17:08:02] main.INFO: Exiting... {"type":"shutdown","worker":"misp:12102"} []
[2025-07-17 17:08:02] main.INFO: Exiting... {"type":"shutdown","worker":"misp:12150"} []
[2025-07-17 17:08:03] main.INFO: Starting worker misp:12310:default {"type":"start","worker":"misp:12310:default"} []
[2025-07-17 17:08:03] main.INFO: Starting worker misp:12326:prio {"type":"start","worker":"misp:12326:prio"} []
[2025-07-17 17:08:04] main.INFO: Starting worker misp:12342:cache {"type":"start","worker":"misp:12342:cache"} []
[2025-07-17 17:08:04] main.INFO: Starting worker misp:12358:email {"type":"start","worker":"misp:12358:email"} []
[2025-07-17 17:08:05] main.INFO: Starting worker misp:12374:update {"type":"start","worker":"misp:12374:update"} []
[2025-07-17 18:08:05] main.INFO: Exiting... {"type":"shutdown","worker":"misp:12358"} []
[2025-07-17 18:08:05] main.INFO: Exiting... {"type":"shutdown","worker":"misp:12326"} []
[2025-07-17 18:08:05] main.INFO: Exiting... {"type":"shutdown","worker":"misp:12310"} []
[2025-07-17 18:08:05] main.INFO: Exiting... {"type":"shutdown","worker":"misp:12342"} []
[2025-07-17 18:08:05] main.INFO: Exiting... {"type":"shutdown","worker":"misp:12374"} []
[2025-07-17 18:08:06] main.INFO: Starting worker misp:12518:default {"type":"start","worker":"misp:12518:default"} []
[2025-07-17 18:08:06] main.INFO: Starting worker misp:12534:prio {"type":"start","worker":"misp:12534:prio"} []
[2025-07-17 18:08:07] main.INFO: Starting worker misp:12550:cache {"type":"start","worker":"misp:12550:cache"} []
[2025-07-17 18:08:07] main.INFO: Starting worker misp:12566:email {"type":"start","worker":"misp:12566:email"} []
[2025-07-17 18:08:07] main.INFO: Starting worker misp:12582:update {"type":"start","worker":"misp:12582:update"} []
[2025-07-17 19:08:08] main.INFO: Exiting... {"type":"shutdown","worker":"misp:12566"} []
[2025-07-17 19:08:08] main.INFO: Exiting... {"type":"shutdown","worker":"misp:12582"} []
[2025-07-17 19:08:08] main.INFO: Exiting... {"type":"shutdown","worker":"misp:12550"} []
[2025-07-17 19:08:08] main.INFO: Exiting... {"type":"shutdown","worker":"misp:12534"} []
[2025-07-17 19:08:08] main.INFO: Exiting... {"type":"shutdown","worker":"misp:12518"} []
[2025-07-17 19:08:09] main.INFO: Starting worker misp:12726:default {"type":"start","worker":"misp:12726:default"} []
[2025-07-17 19:08:09] main.INFO: Starting worker misp:12742:prio {"type":"start","worker":"misp:12742:prio"} []
[2025-07-17 19:08:09] main.INFO: Starting worker misp:12758:cache {"type":"start","worker":"misp:12758:cache"} []
[2025-07-17 19:08:10] main.INFO: Starting worker misp:12774:email {"type":"start","worker":"misp:12774:email"} []
[2025-07-17 19:08:10] main.INFO: Starting worker misp:12790:update {"type":"start","worker":"misp:12790:update"} []
[2025-07-17 20:08:11] main.INFO: Exiting... {"type":"shutdown","worker":"misp:12774"} []
[2025-07-17 20:08:11] main.INFO: Exiting... {"type":"shutdown","worker":"misp:12726"} []
[2025-07-17 20:08:11] main.INFO: Exiting... {"type":"shutdown","worker":"misp:12758"} []
[2025-07-17 20:08:11] main.INFO: Exiting... {"type":"shutdown","worker":"misp:12742"} []
[2025-07-17 20:08:11] main.INFO: Exiting... {"type":"shutdown","worker":"misp:12790"} []
[2025-07-17 20:08:12] main.INFO: Starting worker misp:12934:default {"type":"start","worker":"misp:12934:default"} []
[2025-07-17 20:08:12] main.INFO: Starting worker misp:12950:prio {"type":"start","worker":"misp:12950:prio"} []
[2025-07-17 20:08:12] main.INFO: Starting worker misp:12966:cache {"type":"start","worker":"misp:12966:cache"} []
[2025-07-17 20:08:13] main.INFO: Starting worker misp:12982:email {"type":"start","worker":"misp:12982:email"} []
[2025-07-17 20:08:13] main.INFO: Starting worker misp:12998:update {"type":"start","worker":"misp:12998:update"} []
[2025-07-17 21:08:14] main.INFO: Exiting... {"type":"shutdown","worker":"misp:12966"} []
[2025-07-17 21:08:14] main.INFO: Exiting... {"type":"shutdown","worker":"misp:12982"} []
[2025-07-17 21:08:14] main.INFO: Exiting... {"type":"shutdown","worker":"misp:12950"} []
[2025-07-17 21:08:14] main.INFO: Exiting... {"type":"shutdown","worker":"misp:12998"} []
[2025-07-17 21:08:14] main.INFO: Exiting... {"type":"shutdown","worker":"misp:12934"} []
[2025-07-17 21:08:15] main.INFO: Starting worker misp:13142:default {"type":"start","worker":"misp:13142:default"} []
[2025-07-17 21:08:15] main.INFO: Starting worker misp:13158:prio {"type":"start","worker":"misp:13158:prio"} []
[2025-07-17 21:08:15] main.INFO: Starting worker misp:13174:cache {"type":"start","worker":"misp:13174:cache"} []
[2025-07-17 21:08:16] main.INFO: Starting worker misp:13190:email {"type":"start","worker":"misp:13190:email"} []
[2025-07-17 21:08:16] main.INFO: Starting worker misp:13206:update {"type":"start","worker":"misp:13206:update"} []
[2025-07-17 22:08:17] main.INFO: Exiting... {"type":"shutdown","worker":"misp:13142"} []
[2025-07-17 22:08:17] main.INFO: Exiting... {"type":"shutdown","worker":"misp:13190"} []
[2025-07-17 22:08:17] main.INFO: Exiting... {"type":"shutdown","worker":"misp:13206"} []
[2025-07-17 22:08:17] main.INFO: Exiting... {"type":"shutdown","worker":"misp:13158"} []
[2025-07-17 22:08:17] main.INFO: Exiting... {"type":"shutdown","worker":"misp:13174"} []
[2025-07-17 22:08:17] main.INFO: Starting worker misp:13350:default {"type":"start","worker":"misp:13350:default"} []
[2025-07-17 22:08:18] main.INFO: Starting worker misp:13366:prio {"type":"start","worker":"misp:13366:prio"} []
[2025-07-17 22:08:18] main.INFO: Starting worker misp:13382:cache {"type":"start","worker":"misp:13382:cache"} []
[2025-07-17 22:08:19] main.INFO: Starting worker misp:13398:email {"type":"start","worker":"misp:13398:email"} []
[2025-07-17 22:08:19] main.INFO: Starting worker misp:13414:update {"type":"start","worker":"misp:13414:update"} []
[2025-07-17 23:08:20] main.INFO: Exiting... {"type":"shutdown","worker":"misp:13398"} []
[2025-07-17 23:08:20] main.INFO: Exiting... {"type":"shutdown","worker":"misp:13350"} []
[2025-07-17 23:08:20] main.INFO: Exiting... {"type":"shutdown","worker":"misp:13414"} []
[2025-07-17 23:08:20] main.INFO: Exiting... {"type":"shutdown","worker":"misp:13382"} []
[2025-07-17 23:08:20] main.INFO: Exiting... {"type":"shutdown","worker":"misp:13366"} []
[2025-07-17 23:08:20] main.INFO: Starting worker misp:13558:default {"type":"start","worker":"misp:13558:default"} []
[2025-07-17 23:08:21] main.INFO: Starting worker misp:13574:prio {"type":"start","worker":"misp:13574:prio"} []
[2025-07-17 23:08:21] main.INFO: Starting worker misp:13590:cache {"type":"start","worker":"misp:13590:cache"} []
[2025-07-17 23:08:22] main.INFO: Starting worker misp:13606:email {"type":"start","worker":"misp:13606:email"} []
[2025-07-17 23:08:22] main.INFO: Starting worker misp:13622:update {"type":"start","worker":"misp:13622:update"} []
